
> weblogistica@0.1.0 build
> next build

▲ Next.js 16.1.6 (Turbopack)
- Environments: .env.local

  Creating an optimized production build ...
✓ Compiled successfully in 2.0s
  Running TypeScript ...
Failed to compile.

./src/components/quote-form.tsx:146:33
Type error: Property 'gmpx-place-picker' does not exist on type 'JSX.IntrinsicElements'.

[0m [90m 144 |[39m                         {isMounted [33m?[39m (
 [90m 145 |[39m                             [33m<[39m[33mdiv[39m className[33m=[39m[32m"w-full"[39m[33m>[39m
[31m[1m>[22m[39m[90m 146 |[39m                                 [33m<[39m[33mgmpx[39m[33m-[39mplace[33m-[39mpicker ref[33m=[39m{originPickerRef} placeholder[33m=[39m[32m"¿De dónde sale?"[39m style[33m=[39m{{ width[33m:[39m [32m'100%'[39m }}[33m>[39m[33m<[39m[33m/[39m[33mgmpx[39m[33m-[39mplace[33m-[39mpicker[33m>[39m
 [90m     |[39m                                 [31m[1m^[22m[39m
 [90m 147 |[39m                             [33m<[39m[33m/[39m[33mdiv[39m[33m>[39m
 [90m 148 |[39m                         ) [33m:[39m (
 [90m 149 |[39m                             [33m<[39m[33mdiv[39m className[33m=[39m[32m"w-full h-10 bg-white/5 animate-pulse flex items-center justify-center rounded-lg"[39m[33m>[39m[0m
Next.js build worker exited with code: 1 and signal: null
